running egg_info
creating ../../build/voice_recognition/voice_recognition.egg-info
writing ../../build/voice_recognition/voice_recognition.egg-info/PKG-INFO
writing dependency_links to ../../build/voice_recognition/voice_recognition.egg-info/dependency_links.txt
writing entry points to ../../build/voice_recognition/voice_recognition.egg-info/entry_points.txt
writing requirements to ../../build/voice_recognition/voice_recognition.egg-info/requires.txt
writing top-level names to ../../build/voice_recognition/voice_recognition.egg-info/top_level.txt
writing manifest file '../../build/voice_recognition/voice_recognition.egg-info/SOURCES.txt'
reading manifest file '../../build/voice_recognition/voice_recognition.egg-info/SOURCES.txt'
adding license file 'LICENSE'
writing manifest file '../../build/voice_recognition/voice_recognition.egg-info/SOURCES.txt'
running build
running build_py
creating /home/axelcastruita/voice_advance/build/voice_recognition/build
creating /home/axelcastruita/voice_advance/build/voice_recognition/build/lib
creating /home/axelcastruita/voice_advance/build/voice_recognition/build/lib/voice_recognition
copying voice_recognition/voice_processing.py -> /home/axelcastruita/voice_advance/build/voice_recognition/build/lib/voice_recognition
copying voice_recognition/__init__.py -> /home/axelcastruita/voice_advance/build/voice_recognition/build/lib/voice_recognition
running install
running install_lib
creating /home/axelcastruita/voice_advance/install/voice_recognition/lib/python3.10/site-packages/voice_recognition
copying /home/axelcastruita/voice_advance/build/voice_recognition/build/lib/voice_recognition/voice_processing.py -> /home/axelcastruita/voice_advance/install/voice_recognition/lib/python3.10/site-packages/voice_recognition
copying /home/axelcastruita/voice_advance/build/voice_recognition/build/lib/voice_recognition/__init__.py -> /home/axelcastruita/voice_advance/install/voice_recognition/lib/python3.10/site-packages/voice_recognition
byte-compiling /home/axelcastruita/voice_advance/install/voice_recognition/lib/python3.10/site-packages/voice_recognition/voice_processing.py to voice_processing.cpython-310.pyc
byte-compiling /home/axelcastruita/voice_advance/install/voice_recognition/lib/python3.10/site-packages/voice_recognition/__init__.py to __init__.cpython-310.pyc
running install_data
creating /home/axelcastruita/voice_advance/install/voice_recognition/share/ament_index
creating /home/axelcastruita/voice_advance/install/voice_recognition/share/ament_index/resource_index
creating /home/axelcastruita/voice_advance/install/voice_recognition/share/ament_index/resource_index/packages
copying resource/voice_recognition -> /home/axelcastruita/voice_advance/install/voice_recognition/share/ament_index/resource_index/packages
copying package.xml -> /home/axelcastruita/voice_advance/install/voice_recognition/share/voice_recognition
running install_egg_info
Copying ../../build/voice_recognition/voice_recognition.egg-info to /home/axelcastruita/voice_advance/install/voice_recognition/lib/python3.10/site-packages/voice_recognition-0.0.0-py3.10.egg-info
running install_scripts
Installing voice_processing script to /home/axelcastruita/voice_advance/install/voice_recognition/lib/voice_recognition
writing list of installed files to '/home/axelcastruita/voice_advance/build/voice_recognition/install.log'
