[0.627s] Invoking command in '/home/axelcastruita/voice_advance/src/voice_recognition': PYTHONPATH=/home/axelcastruita/voice_advance/build/voice_recognition/prefix_override:/usr/lib/python3/dist-packages/colcon_core/task/python/colcon_distutils_commands:/home/axelcastruita/voice_advance/install/voice_recognition/lib/python3.10/site-packages:${PYTHONPATH} /usr/bin/python3 -W ignore:setup.py install is deprecated -W ignore:easy_install command is deprecated setup.py egg_info --egg-base ../../build/voice_recognition build --build-base /home/axelcastruita/voice_advance/build/voice_recognition/build install --record /home/axelcastruita/voice_advance/build/voice_recognition/install.log --single-version-externally-managed install_data
[0.833s] running egg_info
[0.833s] creating ../../build/voice_recognition/voice_recognition.egg-info
[0.833s] writing ../../build/voice_recognition/voice_recognition.egg-info/PKG-INFO
[0.833s] writing dependency_links to ../../build/voice_recognition/voice_recognition.egg-info/dependency_links.txt
[0.833s] writing entry points to ../../build/voice_recognition/voice_recognition.egg-info/entry_points.txt
[0.833s] writing requirements to ../../build/voice_recognition/voice_recognition.egg-info/requires.txt
[0.833s] writing top-level names to ../../build/voice_recognition/voice_recognition.egg-info/top_level.txt
[0.834s] writing manifest file '../../build/voice_recognition/voice_recognition.egg-info/SOURCES.txt'
[0.835s] reading manifest file '../../build/voice_recognition/voice_recognition.egg-info/SOURCES.txt'
[0.835s] adding license file 'LICENSE'
[0.835s] writing manifest file '../../build/voice_recognition/voice_recognition.egg-info/SOURCES.txt'
[0.835s] running build
[0.835s] running build_py
[0.836s] creating /home/axelcastruita/voice_advance/build/voice_recognition/build
[0.836s] creating /home/axelcastruita/voice_advance/build/voice_recognition/build/lib
[0.836s] creating /home/axelcastruita/voice_advance/build/voice_recognition/build/lib/voice_recognition
[0.836s] copying voice_recognition/voice_processing.py -> /home/axelcastruita/voice_advance/build/voice_recognition/build/lib/voice_recognition
[0.836s] copying voice_recognition/__init__.py -> /home/axelcastruita/voice_advance/build/voice_recognition/build/lib/voice_recognition
[0.836s] running install
[0.836s] running install_lib
[0.837s] creating /home/axelcastruita/voice_advance/install/voice_recognition/lib/python3.10/site-packages/voice_recognition
[0.837s] copying /home/axelcastruita/voice_advance/build/voice_recognition/build/lib/voice_recognition/voice_processing.py -> /home/axelcastruita/voice_advance/install/voice_recognition/lib/python3.10/site-packages/voice_recognition
[0.837s] copying /home/axelcastruita/voice_advance/build/voice_recognition/build/lib/voice_recognition/__init__.py -> /home/axelcastruita/voice_advance/install/voice_recognition/lib/python3.10/site-packages/voice_recognition
[0.837s] byte-compiling /home/axelcastruita/voice_advance/install/voice_recognition/lib/python3.10/site-packages/voice_recognition/voice_processing.py to voice_processing.cpython-310.pyc
[0.837s] byte-compiling /home/axelcastruita/voice_advance/install/voice_recognition/lib/python3.10/site-packages/voice_recognition/__init__.py to __init__.cpython-310.pyc
[0.838s] running install_data
[0.838s] creating /home/axelcastruita/voice_advance/install/voice_recognition/share/ament_index
[0.838s] creating /home/axelcastruita/voice_advance/install/voice_recognition/share/ament_index/resource_index
[0.838s] creating /home/axelcastruita/voice_advance/install/voice_recognition/share/ament_index/resource_index/packages
[0.838s] copying resource/voice_recognition -> /home/axelcastruita/voice_advance/install/voice_recognition/share/ament_index/resource_index/packages
[0.838s] copying package.xml -> /home/axelcastruita/voice_advance/install/voice_recognition/share/voice_recognition
[0.838s] running install_egg_info
[0.839s] Copying ../../build/voice_recognition/voice_recognition.egg-info to /home/axelcastruita/voice_advance/install/voice_recognition/lib/python3.10/site-packages/voice_recognition-0.0.0-py3.10.egg-info
[0.840s] running install_scripts
[0.853s] Installing voice_processing script to /home/axelcastruita/voice_advance/install/voice_recognition/lib/voice_recognition
[0.854s] writing list of installed files to '/home/axelcastruita/voice_advance/build/voice_recognition/install.log'
[0.868s] Invoked command in '/home/axelcastruita/voice_advance/src/voice_recognition' returned '0': PYTHONPATH=/home/axelcastruita/voice_advance/build/voice_recognition/prefix_override:/usr/lib/python3/dist-packages/colcon_core/task/python/colcon_distutils_commands:/home/axelcastruita/voice_advance/install/voice_recognition/lib/python3.10/site-packages:${PYTHONPATH} /usr/bin/python3 -W ignore:setup.py install is deprecated -W ignore:easy_install command is deprecated setup.py egg_info --egg-base ../../build/voice_recognition build --build-base /home/axelcastruita/voice_advance/build/voice_recognition/build install --record /home/axelcastruita/voice_advance/build/voice_recognition/install.log --single-version-externally-managed install_data
